// Jest Snapshot v1, https://goo.gl/fbAQLP

exports[`table should allow to render row selector 1`] = `
<table>
  <thead>
    <tr
      className="headerRow"
    >
      <th
        className="header"
        onClick={[Function]}
        tid="header"
      >
        Name
      </th>
      <th
        className="header"
        onClick={[Function]}
        tid="header"
      >
        Age
      </th>
      <th
        className="header"
        onClick={[Function]}
        tid="header"
      >
        Position
      </th>
    </tr>
  </thead>
  <tbody>
    <tr
      className="dataRow"
      onClick={[Function]}
      tid="rowSelector"
    >
      <td
        onClick={[Function]}
        tid="rowSelector"
      >
        <div
          selected={false}
        />
      </td>
      <td
        className="data"
        onClick={[Function]}
        tid="data"
      >
        Griffin Smith
      </td>
      <td
        className="data"
        onClick={[Function]}
        tid="data"
      >
        18
      </td>
      <td
        className="data"
        onClick={[Function]}
        tid="data"
      />
    </tr>
    <tr
      className="dataRow"
      onClick={[Function]}
      tid="rowSelector"
    >
      <td
        onClick={[Function]}
        tid="rowSelector"
      >
        <div
          selected={false}
        />
      </td>
      <td
        className="data"
        onClick={[Function]}
        tid="data"
      >
        Lee Salminen
      </td>
      <td
        className="data"
        onClick={[Function]}
        tid="data"
      >
        23
      </td>
      <td
        className="data"
        onClick={[Function]}
        tid="data"
      />
    </tr>
    <tr
      className="dataRow"
      onClick={[Function]}
      tid="rowSelector"
    >
      <td
        onClick={[Function]}
        tid="rowSelector"
      >
        <div
          selected={false}
        />
      </td>
      <td
        className="data"
        onClick={[Function]}
        tid="data"
      />
      <td
        className="data"
        onClick={[Function]}
        tid="data"
      >
        28
      </td>
      <td
        className="data"
        onClick={[Function]}
        tid="data"
      >
        Developer
      </td>
    </tr>
    <tr
      className="dataRow"
      onClick={[Function]}
      tid="rowSelector"
    >
      <td
        onClick={[Function]}
        tid="rowSelector"
      >
        <div
          selected={false}
        />
      </td>
      <td
        className="data"
        onClick={[Function]}
        tid="data"
      >
        Griffin Smith
      </td>
      <td
        className="data"
        onClick={[Function]}
        tid="data"
      >
        18
      </td>
      <td
        className="data"
        onClick={[Function]}
        tid="data"
      />
    </tr>
    <tr
      className="dataRow"
      onClick={[Function]}
      tid="rowSelector"
    >
      <td
        onClick={[Function]}
        tid="rowSelector"
      >
        <div
          selected={false}
        />
      </td>
      <td
        className="data"
        onClick={[Function]}
        tid="data"
      >
        Test Person
      </td>
      <td
        className="data"
        onClick={[Function]}
        tid="data"
      >
        30
      </td>
      <td
        className="data"
        onClick={[Function]}
        tid="data"
      />
    </tr>
    <tr
      className="dataRow"
      onClick={[Function]}
      tid="rowSelector"
    >
      <td
        onClick={[Function]}
        tid="rowSelector"
      >
        <div
          selected={false}
        />
      </td>
      <td
        className="data"
        onClick={[Function]}
        tid="data"
      >
        Another Test
      </td>
      <td
        className="data"
        onClick={[Function]}
        tid="data"
      >
        26
      </td>
      <td
        className="data"
        onClick={[Function]}
        tid="data"
      >
        Developer
      </td>
    </tr>
    <tr
      className="dataRow"
      onClick={[Function]}
      tid="rowSelector"
    >
      <td
        onClick={[Function]}
        tid="rowSelector"
      >
        <div
          selected={false}
        />
      </td>
      <td
        className="data"
        onClick={[Function]}
        tid="data"
      >
        Third Test
      </td>
      <td
        className="data"
        onClick={[Function]}
        tid="data"
      >
        19
      </td>
      <td
        className="data"
        onClick={[Function]}
        tid="data"
      >
        Salesperson
      </td>
    </tr>
    <tr
      className="dataRow"
      onClick={[Function]}
      tid="rowSelector"
    >
      <td
        onClick={[Function]}
        tid="rowSelector"
      >
        <div
          selected={true}
        />
      </td>
      <td
        className="data"
        onClick={[Function]}
        tid="data"
      >
        End of this Page
      </td>
      <td
        className="data"
        onClick={[Function]}
        tid="data"
      >
        23
      </td>
      <td
        className="data"
        onClick={[Function]}
        tid="data"
      >
        CEO
      </td>
    </tr>
  </tbody>
</table>
`;

exports[`table should alow to render header with customization 1`] = `
<table>
  <thead>
    <tr
      className="headerRow"
    >
      <th
        className="header"
        onClick={[Function]}
        tid="header"
      >
        <span>
          Position
        </span>
      </th>
      <th
        className="header"
        onClick={[Function]}
        tid="header"
      >
        Name
      </th>
      <th
        className="header"
        onClick={[Function]}
        tid="header"
      >
        Age
      </th>
    </tr>
  </thead>
  <tbody>
    <tr
      className="dataRow"
      onClick={[Function]}
      tid="rowSelector"
    >
      <td
        className="data"
        onClick={[Function]}
        tid="data"
      />
      <td
        className="data"
        onClick={[Function]}
        tid="data"
      >
        Griffin Smith
      </td>
      <td
        className="data"
        onClick={[Function]}
        tid="data"
      >
        18
      </td>
    </tr>
    <tr
      className="dataRow"
      onClick={[Function]}
      tid="rowSelector"
    >
      <td
        className="data"
        onClick={[Function]}
        tid="data"
      />
      <td
        className="data"
        onClick={[Function]}
        tid="data"
      >
        Lee Salminen
      </td>
      <td
        className="data"
        onClick={[Function]}
        tid="data"
      >
        23
      </td>
    </tr>
    <tr
      className="dataRow"
      onClick={[Function]}
      tid="rowSelector"
    >
      <td
        className="data"
        onClick={[Function]}
        tid="data"
      >
        Developer
      </td>
      <td
        className="data"
        onClick={[Function]}
        tid="data"
      />
      <td
        className="data"
        onClick={[Function]}
        tid="data"
      >
        28
      </td>
    </tr>
    <tr
      className="dataRow"
      onClick={[Function]}
      tid="rowSelector"
    >
      <td
        className="data"
        onClick={[Function]}
        tid="data"
      />
      <td
        className="data"
        onClick={[Function]}
        tid="data"
      >
        Griffin Smith
      </td>
      <td
        className="data"
        onClick={[Function]}
        tid="data"
      >
        18
      </td>
    </tr>
    <tr
      className="dataRow"
      onClick={[Function]}
      tid="rowSelector"
    >
      <td
        className="data"
        onClick={[Function]}
        tid="data"
      />
      <td
        className="data"
        onClick={[Function]}
        tid="data"
      >
        Test Person
      </td>
      <td
        className="data"
        onClick={[Function]}
        tid="data"
      >
        30
      </td>
    </tr>
    <tr
      className="dataRow"
      onClick={[Function]}
      tid="rowSelector"
    >
      <td
        className="data"
        onClick={[Function]}
        tid="data"
      >
        Developer
      </td>
      <td
        className="data"
        onClick={[Function]}
        tid="data"
      >
        Another Test
      </td>
      <td
        className="data"
        onClick={[Function]}
        tid="data"
      >
        26
      </td>
    </tr>
    <tr
      className="dataRow"
      onClick={[Function]}
      tid="rowSelector"
    >
      <td
        className="data"
        onClick={[Function]}
        tid="data"
      >
        Salesperson
      </td>
      <td
        className="data"
        onClick={[Function]}
        tid="data"
      >
        Third Test
      </td>
      <td
        className="data"
        onClick={[Function]}
        tid="data"
      >
        19
      </td>
    </tr>
    <tr
      className="dataRow"
      onClick={[Function]}
      tid="rowSelector"
    >
      <td
        className="data"
        onClick={[Function]}
        tid="data"
      >
        CEO
      </td>
      <td
        className="data"
        onClick={[Function]}
        tid="data"
      >
        End of this Page
      </td>
      <td
        className="data"
        onClick={[Function]}
        tid="data"
      >
        23
      </td>
    </tr>
  </tbody>
</table>
`;

exports[`table should alow to render row with customization 1`] = `
<table>
  <thead>
    <tr
      className="headerRow"
    >
      <th
        className="header"
        onClick={[Function]}
        tid="header"
      >
        Name
      </th>
      <th
        className="header"
        onClick={[Function]}
        tid="header"
      >
        Age
      </th>
      <th
        className="header"
        onClick={[Function]}
        tid="header"
      >
        Position
      </th>
    </tr>
  </thead>
  <tbody>
    <tr
      className="dataRow"
      onClick={[Function]}
      tid="rowSelector"
    >
      <td
        className="data"
        onClick={[Function]}
        tid="data"
      >
        Griffin Smith
      </td>
      <td
        className="data"
        onClick={[Function]}
        tid="data"
      >
        18
      </td>
      <td
        className="data"
        onClick={[Function]}
        tid="data"
      />
    </tr>
    <tr
      className="dataRow"
      onClick={[Function]}
      tid="rowSelector"
    >
      <td
        className="data"
        onClick={[Function]}
        tid="data"
      >
        Lee Salminen
      </td>
      <td
        className="data"
        onClick={[Function]}
        tid="data"
      >
        23
      </td>
      <td
        className="data"
        onClick={[Function]}
        tid="data"
      />
    </tr>
    <tr
      className="dataRow"
      onClick={[Function]}
      tid="rowSelector"
    >
      <td
        className="data"
        onClick={[Function]}
        tid="data"
      />
      <td
        className="data"
        onClick={[Function]}
        tid="data"
      >
        28
      </td>
      <td
        className="data"
        onClick={[Function]}
        tid="data"
      >
        Developer
      </td>
    </tr>
    <tr
      className="dataRow"
      onClick={[Function]}
      tid="rowSelector"
    >
      <td
        className="data"
        onClick={[Function]}
        tid="data"
      >
        Griffin Smith
      </td>
      <td
        className="data"
        onClick={[Function]}
        tid="data"
      >
        18
      </td>
      <td
        className="data"
        onClick={[Function]}
        tid="data"
      />
    </tr>
    <tr
      className="dataRow"
      onClick={[Function]}
      tid="rowSelector"
    >
      <td
        className="data"
        onClick={[Function]}
        tid="data"
      >
        Test Person
      </td>
      <td
        className="data"
        onClick={[Function]}
        tid="data"
      >
        30
      </td>
      <td
        className="data"
        onClick={[Function]}
        tid="data"
      />
    </tr>
    <tr
      className="dataRow"
      onClick={[Function]}
      tid="rowSelector"
    >
      <td
        className="data"
        onClick={[Function]}
        tid="data"
      >
        Another Test
      </td>
      <td
        className="data"
        onClick={[Function]}
        tid="data"
      >
        26
      </td>
      <td
        className="data"
        onClick={[Function]}
        tid="data"
      >
        Developer
      </td>
    </tr>
    <tr
      className="dataRow"
      onClick={[Function]}
      tid="rowSelector"
    >
      <td
        className="data"
        onClick={[Function]}
        tid="data"
      >
        Third Test
      </td>
      <td
        className="data"
        onClick={[Function]}
        tid="data"
      >
        19
      </td>
      <td
        className="data"
        onClick={[Function]}
        tid="data"
      >
        Salesperson
      </td>
    </tr>
    <tr
      className="dataRow"
      onClick={[Function]}
      tid="rowSelector"
    >
      <td
        className="data"
        onClick={[Function]}
        tid="data"
      >
        <span>
          End of this Page
        </span>
      </td>
      <td
        className="data"
        onClick={[Function]}
        tid="data"
      >
        <span>
          23
        </span>
      </td>
      <td
        className="data"
        onClick={[Function]}
        tid="data"
      >
        <span>
          CEO
        </span>
      </td>
    </tr>
  </tbody>
</table>
`;

exports[`table should render only children and ignore data and headers if childrens are present 1`] = `
<table>
  <div>
    WE ARE THE 
    <span>
      CHILDREN!
    </span>
  </div>
</table>
`;

exports[`table should render table using custom tags 1`] = `
<myAwesomeTable>
  <myAwesomeThead>
    <myAwesomeTr
      className="headerRow"
    >
      <myAwesomeTh
        className="header"
        onClick={[Function]}
        tid="header"
      >
        Name
      </myAwesomeTh>
      <myAwesomeTh
        className="header"
        onClick={[Function]}
        tid="header"
      >
        Age
      </myAwesomeTh>
      <myAwesomeTh
        className="header"
        onClick={[Function]}
        tid="header"
      >
        Position
      </myAwesomeTh>
    </myAwesomeTr>
  </myAwesomeThead>
  <myAwesomeTbody>
    <myAwesomeTr
      className="dataRow"
      onClick={[Function]}
      tid="rowSelector"
    >
      <myAwesomeTd
        className="data"
        onClick={[Function]}
        tid="data"
      >
        Griffin Smith
      </myAwesomeTd>
      <myAwesomeTd
        className="data"
        onClick={[Function]}
        tid="data"
      >
        18
      </myAwesomeTd>
      <myAwesomeTd
        className="data"
        onClick={[Function]}
        tid="data"
      />
    </myAwesomeTr>
    <myAwesomeTr
      className="dataRow"
      onClick={[Function]}
      tid="rowSelector"
    >
      <myAwesomeTd
        className="data"
        onClick={[Function]}
        tid="data"
      >
        Lee Salminen
      </myAwesomeTd>
      <myAwesomeTd
        className="data"
        onClick={[Function]}
        tid="data"
      >
        23
      </myAwesomeTd>
      <myAwesomeTd
        className="data"
        onClick={[Function]}
        tid="data"
      />
    </myAwesomeTr>
    <myAwesomeTr
      className="dataRow"
      onClick={[Function]}
      tid="rowSelector"
    >
      <myAwesomeTd
        className="data"
        onClick={[Function]}
        tid="data"
      />
      <myAwesomeTd
        className="data"
        onClick={[Function]}
        tid="data"
      >
        28
      </myAwesomeTd>
      <myAwesomeTd
        className="data"
        onClick={[Function]}
        tid="data"
      >
        Developer
      </myAwesomeTd>
    </myAwesomeTr>
    <myAwesomeTr
      className="dataRow"
      onClick={[Function]}
      tid="rowSelector"
    >
      <myAwesomeTd
        className="data"
        onClick={[Function]}
        tid="data"
      >
        Griffin Smith
      </myAwesomeTd>
      <myAwesomeTd
        className="data"
        onClick={[Function]}
        tid="data"
      >
        18
      </myAwesomeTd>
      <myAwesomeTd
        className="data"
        onClick={[Function]}
        tid="data"
      />
    </myAwesomeTr>
    <myAwesomeTr
      className="dataRow"
      onClick={[Function]}
      tid="rowSelector"
    >
      <myAwesomeTd
        className="data"
        onClick={[Function]}
        tid="data"
      >
        Test Person
      </myAwesomeTd>
      <myAwesomeTd
        className="data"
        onClick={[Function]}
        tid="data"
      >
        30
      </myAwesomeTd>
      <myAwesomeTd
        className="data"
        onClick={[Function]}
        tid="data"
      />
    </myAwesomeTr>
    <myAwesomeTr
      className="dataRow"
      onClick={[Function]}
      tid="rowSelector"
    >
      <myAwesomeTd
        className="data"
        onClick={[Function]}
        tid="data"
      >
        Another Test
      </myAwesomeTd>
      <myAwesomeTd
        className="data"
        onClick={[Function]}
        tid="data"
      >
        26
      </myAwesomeTd>
      <myAwesomeTd
        className="data"
        onClick={[Function]}
        tid="data"
      >
        Developer
      </myAwesomeTd>
    </myAwesomeTr>
    <myAwesomeTr
      className="dataRow"
      onClick={[Function]}
      tid="rowSelector"
    >
      <myAwesomeTd
        className="data"
        onClick={[Function]}
        tid="data"
      >
        Third Test
      </myAwesomeTd>
      <myAwesomeTd
        className="data"
        onClick={[Function]}
        tid="data"
      >
        19
      </myAwesomeTd>
      <myAwesomeTd
        className="data"
        onClick={[Function]}
        tid="data"
      >
        Salesperson
      </myAwesomeTd>
    </myAwesomeTr>
    <myAwesomeTr
      className="dataRow"
      onClick={[Function]}
      tid="rowSelector"
    >
      <myAwesomeTd
        className="data"
        onClick={[Function]}
        tid="data"
      >
        End of this Page
      </myAwesomeTd>
      <myAwesomeTd
        className="data"
        onClick={[Function]}
        tid="data"
      >
        23
      </myAwesomeTd>
      <myAwesomeTd
        className="data"
        onClick={[Function]}
        tid="data"
      >
        CEO
      </myAwesomeTd>
    </myAwesomeTr>
  </myAwesomeTbody>
</myAwesomeTable>
`;

exports[`table should render table using default tags 1`] = `
<table>
  <thead>
    <tr
      className="headerRow"
    >
      <th
        className="header"
        onClick={[Function]}
        tid="header"
      >
        Name
      </th>
      <th
        className="header"
        onClick={[Function]}
        tid="header"
      >
        Age
      </th>
      <th
        className="header"
        onClick={[Function]}
        tid="header"
      >
        Position
      </th>
    </tr>
  </thead>
  <tbody>
    <tr
      className="dataRow"
      onClick={[Function]}
      tid="rowSelector"
    >
      <td
        className="data"
        onClick={[Function]}
        tid="data"
      >
        Griffin Smith
      </td>
      <td
        className="data"
        onClick={[Function]}
        tid="data"
      >
        18
      </td>
      <td
        className="data"
        onClick={[Function]}
        tid="data"
      />
    </tr>
    <tr
      className="dataRow"
      onClick={[Function]}
      tid="rowSelector"
    >
      <td
        className="data"
        onClick={[Function]}
        tid="data"
      >
        Lee Salminen
      </td>
      <td
        className="data"
        onClick={[Function]}
        tid="data"
      >
        23
      </td>
      <td
        className="data"
        onClick={[Function]}
        tid="data"
      />
    </tr>
    <tr
      className="dataRow"
      onClick={[Function]}
      tid="rowSelector"
    >
      <td
        className="data"
        onClick={[Function]}
        tid="data"
      />
      <td
        className="data"
        onClick={[Function]}
        tid="data"
      >
        28
      </td>
      <td
        className="data"
        onClick={[Function]}
        tid="data"
      >
        Developer
      </td>
    </tr>
    <tr
      className="dataRow"
      onClick={[Function]}
      tid="rowSelector"
    >
      <td
        className="data"
        onClick={[Function]}
        tid="data"
      >
        Griffin Smith
      </td>
      <td
        className="data"
        onClick={[Function]}
        tid="data"
      >
        18
      </td>
      <td
        className="data"
        onClick={[Function]}
        tid="data"
      />
    </tr>
    <tr
      className="dataRow"
      onClick={[Function]}
      tid="rowSelector"
    >
      <td
        className="data"
        onClick={[Function]}
        tid="data"
      >
        Test Person
      </td>
      <td
        className="data"
        onClick={[Function]}
        tid="data"
      >
        30
      </td>
      <td
        className="data"
        onClick={[Function]}
        tid="data"
      />
    </tr>
    <tr
      className="dataRow"
      onClick={[Function]}
      tid="rowSelector"
    >
      <td
        className="data"
        onClick={[Function]}
        tid="data"
      >
        Another Test
      </td>
      <td
        className="data"
        onClick={[Function]}
        tid="data"
      >
        26
      </td>
      <td
        className="data"
        onClick={[Function]}
        tid="data"
      >
        Developer
      </td>
    </tr>
    <tr
      className="dataRow"
      onClick={[Function]}
      tid="rowSelector"
    >
      <td
        className="data"
        onClick={[Function]}
        tid="data"
      >
        Third Test
      </td>
      <td
        className="data"
        onClick={[Function]}
        tid="data"
      >
        19
      </td>
      <td
        className="data"
        onClick={[Function]}
        tid="data"
      >
        Salesperson
      </td>
    </tr>
    <tr
      className="dataRow"
      onClick={[Function]}
      tid="rowSelector"
    >
      <td
        className="data"
        onClick={[Function]}
        tid="data"
      >
        End of this Page
      </td>
      <td
        className="data"
        onClick={[Function]}
        tid="data"
      >
        23
      </td>
      <td
        className="data"
        onClick={[Function]}
        tid="data"
      >
        CEO
      </td>
    </tr>
  </tbody>
</table>
`;

exports[`table should to set headers order 1`] = `
<table>
  <thead>
    <tr
      className="headerRow"
    >
      <th
        className="header"
        onClick={[Function]}
        tid="header"
      >
        Position
      </th>
      <th
        className="header"
        onClick={[Function]}
        tid="header"
      >
        Name
      </th>
      <th
        className="header"
        onClick={[Function]}
        tid="header"
      >
        Age
      </th>
    </tr>
  </thead>
  <tbody>
    <tr
      className="dataRow"
      onClick={[Function]}
      tid="rowSelector"
    >
      <td
        className="data"
        onClick={[Function]}
        tid="data"
      />
      <td
        className="data"
        onClick={[Function]}
        tid="data"
      >
        Griffin Smith
      </td>
      <td
        className="data"
        onClick={[Function]}
        tid="data"
      >
        18
      </td>
    </tr>
    <tr
      className="dataRow"
      onClick={[Function]}
      tid="rowSelector"
    >
      <td
        className="data"
        onClick={[Function]}
        tid="data"
      />
      <td
        className="data"
        onClick={[Function]}
        tid="data"
      >
        Lee Salminen
      </td>
      <td
        className="data"
        onClick={[Function]}
        tid="data"
      >
        23
      </td>
    </tr>
    <tr
      className="dataRow"
      onClick={[Function]}
      tid="rowSelector"
    >
      <td
        className="data"
        onClick={[Function]}
        tid="data"
      >
        Developer
      </td>
      <td
        className="data"
        onClick={[Function]}
        tid="data"
      />
      <td
        className="data"
        onClick={[Function]}
        tid="data"
      >
        28
      </td>
    </tr>
    <tr
      className="dataRow"
      onClick={[Function]}
      tid="rowSelector"
    >
      <td
        className="data"
        onClick={[Function]}
        tid="data"
      />
      <td
        className="data"
        onClick={[Function]}
        tid="data"
      >
        Griffin Smith
      </td>
      <td
        className="data"
        onClick={[Function]}
        tid="data"
      >
        18
      </td>
    </tr>
    <tr
      className="dataRow"
      onClick={[Function]}
      tid="rowSelector"
    >
      <td
        className="data"
        onClick={[Function]}
        tid="data"
      />
      <td
        className="data"
        onClick={[Function]}
        tid="data"
      >
        Test Person
      </td>
      <td
        className="data"
        onClick={[Function]}
        tid="data"
      >
        30
      </td>
    </tr>
    <tr
      className="dataRow"
      onClick={[Function]}
      tid="rowSelector"
    >
      <td
        className="data"
        onClick={[Function]}
        tid="data"
      >
        Developer
      </td>
      <td
        className="data"
        onClick={[Function]}
        tid="data"
      >
        Another Test
      </td>
      <td
        className="data"
        onClick={[Function]}
        tid="data"
      >
        26
      </td>
    </tr>
    <tr
      className="dataRow"
      onClick={[Function]}
      tid="rowSelector"
    >
      <td
        className="data"
        onClick={[Function]}
        tid="data"
      >
        Salesperson
      </td>
      <td
        className="data"
        onClick={[Function]}
        tid="data"
      >
        Third Test
      </td>
      <td
        className="data"
        onClick={[Function]}
        tid="data"
      >
        19
      </td>
    </tr>
    <tr
      className="dataRow"
      onClick={[Function]}
      tid="rowSelector"
    >
      <td
        className="data"
        onClick={[Function]}
        tid="data"
      >
        CEO
      </td>
      <td
        className="data"
        onClick={[Function]}
        tid="data"
      >
        End of this Page
      </td>
      <td
        className="data"
        onClick={[Function]}
        tid="data"
      >
        23
      </td>
    </tr>
  </tbody>
</table>
`;
